// Jest Snapshot v1, https://goo.gl/fbAQLP

exports[`Invalid #1 1`] = `
"#### ⌨️ Code

      1 | query invalid { foo }"
`;
